[2026-08-06 16:21:43] Checking for Geyser updates (platform=viaproxy)...
[2026-08-06 16:21:44] Latest available: Geyser 2.11.1 build 1209 (Geyser-ViaProxy.jar)
[2026-08-06 16:21:44] Update available. Downloading new build...
[2026-08-06 16:21:44] Backed up current jar to /srv/PERSONAL/LATECHSMP/viaproxy-data/plugins/backups/Geyser-ViaProxy.jar.20260806-162144.bak
[2026-08-06 16:21:44] Installed Geyser 2.11.1 build 1209.
[2026-08-06 16:21:44] Restarting viaproxy container to apply update...
viaproxy
[2026-08-06 16:21:45] Restart successful.
[2026-08-06 16:21:45] Update complete.
[2026-08-06 16:21:49] Checking for Geyser updates (platform=viaproxy)...
[2026-08-06 16:21:49] Latest available: Geyser 2.11.1 build 1209 (Geyser-ViaProxy.jar)
[2026-08-06 16:21:49] Already up to date. Nothing to do.
[2026-08-07 06:00:01] Checking for Geyser updates (platform=viaproxy)...
[2026-08-07 06:00:02] Latest available: Geyser 2.11.1 build 1209 (Geyser-ViaProxy.jar)
[2026-08-07 06:00:02] Already up to date. Nothing to do.
[2026-08-08 06:00:01] Checking for Geyser updates (platform=viaproxy)...
[2026-08-08 06:00:02] Latest available: Geyser 2.11.1 build 1210 (Geyser-ViaProxy.jar)
[2026-08-08 06:00:02] Update available. Downloading new build...
[2026-08-08 06:00:02] Backed up current jar to /srv/PERSONAL/LATECHSMP/viaproxy-data/plugins/backups/Geyser-ViaProxy.jar.20260808-060002.bak
[2026-08-08 06:00:02] Installed Geyser 2.11.1 build 1210.
[2026-08-08 06:00:02] Restarting viaproxy container to apply update...
viaproxy
[2026-08-08 06:00:03] Restart successful.
[2026-08-08 06:00:03] Update complete.
[2026-08-09 06:00:01] Checking for Geyser updates (platform=viaproxy)...
[2026-08-09 06:00:02] Latest available: Geyser 2.11.1 build 1210 (Geyser-ViaProxy.jar)
[2026-08-09 06:00:02] Already up to date. Nothing to do.
[2026-08-10 06:00:01] Checking for Geyser updates (platform=viaproxy)...
[2026-08-10 06:00:02] Latest available: Geyser 2.11.1 build 1214 (Geyser-ViaProxy.jar)
[2026-08-10 06:00:02] Update available. Downloading new build...
[2026-08-10 06:00:02] Backed up current jar to /srv/PERSONAL/LATECHSMP/viaproxy-data/plugins/backups/Geyser-ViaProxy.jar.20260810-060002.bak
[2026-08-10 06:00:02] Installed Geyser 2.11.1 build 1214.
[2026-08-10 06:00:02] Restarting viaproxy container to apply update...
viaproxy
[2026-08-10 06:00:03] Restart successful.
[2026-08-10 06:00:03] Update complete.
[2026-08-11 06:00:01] Checking for Geyser updates (platform=viaproxy)...
[2026-08-11 06:00:01] Latest available: Geyser 2.11.1 build 1216 (Geyser-ViaProxy.jar)
[2026-08-11 06:00:01] Update available. Downloading new build...
[2026-08-11 06:00:02] Backed up current jar to /srv/PERSONAL/LATECHSMP/viaproxy-data/plugins/backups/Geyser-ViaProxy.jar.20260811-060002.bak
[2026-08-11 06:00:02] Installed Geyser 2.11.1 build 1216.
[2026-08-11 06:00:02] Restarting viaproxy container to apply update...
viaproxy
[2026-08-11 06:00:03] Restart successful.
[2026-08-11 06:00:03] Update complete.
[2026-08-12 06:00:01] Checking for Geyser updates (platform=viaproxy)...
[2026-08-12 06:00:02] Latest available: Geyser 2.11.1 build 1219 (Geyser-ViaProxy.jar)
[2026-08-12 06:00:02] Update available. Downloading new build...
[2026-08-12 06:00:02] Backed up current jar to /srv/PERSONAL/LATECHSMP/viaproxy-data/plugins/backups/Geyser-ViaProxy.jar.20260812-060002.bak
[2026-08-12 06:00:02] Installed Geyser 2.11.1 build 1219.
[2026-08-12 06:00:02] Restarting viaproxy container to apply update...
viaproxy
[2026-08-12 06:00:03] Restart successful.
[2026-08-12 06:00:03] Update complete.
[2026-08-13 06:00:01] Checking for Geyser updates (platform=viaproxy)...
[2026-08-13 06:00:02] Latest available: Geyser 2.11.1 build 1219 (Geyser-ViaProxy.jar)
[2026-08-13 06:00:02] Already up to date. Nothing to do.
[2026-08-14 06:00:02] Checking for Geyser updates (platform=viaproxy)...
[2026-08-14 06:00:02] Latest available: Geyser 2.11.1 build 1219 (Geyser-ViaProxy.jar)
[2026-08-14 06:00:02] Already up to date. Nothing to do.
[2026-08-15 06:00:01] Checking for Geyser updates (platform=viaproxy)...
[2026-08-15 06:00:02] Latest available: Geyser 2.11.1 build 1222 (Geyser-ViaProxy.jar)
[2026-08-15 06:00:02] Update available. Downloading new build...
[2026-08-15 06:00:02] Backed up current jar to /srv/PERSONAL/LATECHSMP/viaproxy-data/plugins/backups/Geyser-ViaProxy.jar.20260815-060002.bak
[2026-08-15 06:00:02] Installed Geyser 2.11.1 build 1222.
[2026-08-15 06:00:02] Restarting viaproxy container to apply update...
viaproxy
[2026-08-15 06:00:03] Restart successful.
[2026-08-15 06:00:03] Update complete.
[2026-08-16 06:00:01] Checking for Geyser updates (platform=viaproxy)...
[2026-08-16 06:00:01] Latest available: Geyser 2.11.1 build 1224 (Geyser-ViaProxy.jar)
[2026-08-16 06:00:01] Update available. Downloading new build...
[2026-08-16 06:00:02] Backed up current jar to /srv/PERSONAL/LATECHSMP/viaproxy-data/plugins/backups/Geyser-ViaProxy.jar.20260816-060002.bak
[2026-08-16 06:00:02] Installed Geyser 2.11.1 build 1224.
[2026-08-16 06:00:02] Restarting viaproxy container to apply update...
viaproxy
[2026-08-16 06:00:03] Restart successful.
[2026-08-16 06:00:03] Update complete.
[2026-08-17 06:00:01] Checking for Geyser updates (platform=viaproxy)...
[2026-08-17 06:00:02] Latest available: Geyser 2.11.1 build 1225 (Geyser-ViaProxy.jar)
[2026-08-17 06:00:02] Update available. Downloading new build...
[2026-08-17 06:00:03] Backed up current jar to /srv/PERSONAL/LATECHSMP/viaproxy-data/plugins/backups/Geyser-ViaProxy.jar.20260817-060003.bak
[2026-08-17 06:00:03] Installed Geyser 2.11.1 build 1225.
[2026-08-17 06:00:03] Restarting viaproxy container to apply update...
viaproxy
[2026-08-17 06:00:03] Restart successful.
[2026-08-17 06:00:03] Update complete.
[2026-08-18 06:00:01] Checking for Geyser updates (platform=viaproxy)...
[2026-08-18 06:00:02] Latest available: Geyser 2.11.1 build 1225 (Geyser-ViaProxy.jar)
[2026-08-18 06:00:02] Already up to date. Nothing to do.
[2026-08-19 06:00:01] Checking for Geyser updates (platform=viaproxy)...
[2026-08-19 06:00:02] Latest available: Geyser 2.11.1 build 1225 (Geyser-ViaProxy.jar)
[2026-08-19 06:00:02] Already up to date. Nothing to do.
[2026-08-20 06:00:01] Checking for Geyser updates (platform=viaproxy)...
[2026-08-20 06:00:02] Latest available: Geyser 2.11.1 build 1226 (Geyser-ViaProxy.jar)
[2026-08-20 06:00:02] Update available. Downloading new build...
[2026-08-20 06:00:04] Backed up current jar to /srv/PERSONAL/LATECHSMP/viaproxy-data/plugins/backups/Geyser-ViaProxy.jar.20260820-060004.bak
[2026-08-20 06:00:04] Installed Geyser 2.11.1 build 1226.
[2026-08-20 06:00:04] Restarting viaproxy container to apply update...
viaproxy
[2026-08-20 06:00:05] Restart successful.
[2026-08-20 06:00:05] Update complete.
[2026-08-21 06:00:01] Checking for Geyser updates (platform=viaproxy)...
[2026-08-21 06:00:02] Latest available: Geyser 2.11.2 build 1228 (Geyser-ViaProxy.jar)
[2026-08-21 06:00:02] Update available. Downloading new build...
[2026-08-21 06:00:04] Backed up current jar to /srv/PERSONAL/LATECHSMP/viaproxy-data/plugins/backups/Geyser-ViaProxy.jar.20260821-060004.bak
[2026-08-21 06:00:04] Installed Geyser 2.11.2 build 1228.
[2026-08-21 06:00:04] Restarting viaproxy container to apply update...
viaproxy
[2026-08-21 06:00:05] Restart successful.
[2026-08-21 06:00:05] Update complete.
[2026-08-22 06:00:01] Checking for Geyser updates (platform=viaproxy)...
[2026-08-22 06:00:02] Latest available: Geyser 2.11.2 build 1230 (Geyser-ViaProxy.jar)
[2026-08-22 06:00:02] Update available. Downloading new build...
[2026-08-22 06:00:04] Backed up current jar to /srv/PERSONAL/LATECHSMP/viaproxy-data/plugins/backups/Geyser-ViaProxy.jar.20260822-060004.bak
[2026-08-22 06:00:04] Installed Geyser 2.11.2 build 1230.
[2026-08-22 06:00:04] Restarting viaproxy container to apply update...
viaproxy
[2026-08-22 06:00:05] Restart successful.
[2026-08-22 06:00:05] Update complete.
[2026-08-23 06:00:01] Checking for Geyser updates (platform=viaproxy)...
[2026-08-23 06:00:01] Latest available: Geyser 2.11.2 build 1230 (Geyser-ViaProxy.jar)
[2026-08-23 06:00:01] Already up to date. Nothing to do.
[2026-08-24 06:00:01] Checking for Geyser updates (platform=viaproxy)...
[2026-08-24 06:00:02] Latest available: Geyser 2.11.2 build 1231 (Geyser-ViaProxy.jar)
[2026-08-24 06:00:02] Update available. Downloading new build...
[2026-08-24 06:00:04] Backed up current jar to /srv/PERSONAL/LATECHSMP/viaproxy-data/plugins/backups/Geyser-ViaProxy.jar.20260824-060004.bak
[2026-08-24 06:00:04] Installed Geyser 2.11.2 build 1231.
[2026-08-24 06:00:04] Restarting viaproxy container to apply update...
viaproxy
[2026-08-24 06:00:04] Restart successful.
[2026-08-24 06:00:04] Update complete.
[2026-08-25 06:00:01] Checking for Geyser updates (platform=viaproxy)...
[2026-08-25 06:00:02] Latest available: Geyser 2.11.2 build 1232 (Geyser-ViaProxy.jar)
[2026-08-25 06:00:02] Update available. Downloading new build...
[2026-08-25 06:00:03] Backed up current jar to /srv/PERSONAL/LATECHSMP/viaproxy-data/plugins/backups/Geyser-ViaProxy.jar.20260825-060003.bak
[2026-08-25 06:00:03] Installed Geyser 2.11.2 build 1232.
[2026-08-25 06:00:03] Restarting viaproxy container to apply update...
viaproxy
[2026-08-25 06:00:04] Restart successful.
[2026-08-25 06:00:04] Update complete.
[2026-08-26 06:00:01] Checking for Geyser updates (platform=viaproxy)...
[2026-08-26 06:00:02] Latest available: Geyser 2.11.2 build 1232 (Geyser-ViaProxy.jar)
[2026-08-26 06:00:02] Already up to date. Nothing to do.
[2026-08-27 06:00:01] Checking for Geyser updates (platform=viaproxy)...
[2026-08-27 06:00:02] Latest available: Geyser 2.11.2 build 1232 (Geyser-ViaProxy.jar)
[2026-08-27 06:00:02] Already up to date. Nothing to do.
